// Jest Snapshot v1, https://goo.gl/fbAQLP

exports[`renders correctly 1`] = `
<div
  className="search"
>
  <input
    className="search"
    name="search"
    onChange={[Function]}
    placeholder="Search for sectors"
    type="text"
    value=""
  />
</div>
`;
